------------------------------------------------------------
Timing Analyzer Summary
------------------------------------------------------------

Type  : Slow 1200mV 85C Model Setup 'clock'
Slack : -0.755
TNS   : -0.755

Type  : Slow 1200mV 85C Model Setup 'enter'
Slack : -0.618
TNS   : -1.073

Type  : Slow 1200mV 85C Model Hold 'enter'
Slack : 0.831
TNS   : 0.000

Type  : Slow 1200mV 85C Model Hold 'clock'
Slack : 0.958
TNS   : 0.000

Type  : Slow 1200mV 85C Model Minimum Pulse Width 'enter'
Slack : -3.000
TNS   : -5.806

Type  : Slow 1200mV 85C Model Minimum Pulse Width 'clock'
Slack : -3.000
TNS   : -4.403

Type  : Slow 1200mV 0C Model Setup 'clock'
Slack : -0.734
TNS   : -0.734

Type  : Slow 1200mV 0C Model Setup 'enter'
Slack : -0.482
TNS   : -0.813

Type  : Slow 1200mV 0C Model Hold 'enter'
Slack : 0.762
TNS   : 0.000

Type  : Slow 1200mV 0C Model Hold 'clock'
Slack : 0.811
TNS   : 0.000

Type  : Slow 1200mV 0C Model Minimum Pulse Width 'enter'
Slack : -3.000
TNS   : -5.806

Type  : Slow 1200mV 0C Model Minimum Pulse Width 'clock'
Slack : -3.000
TNS   : -4.403

Type  : Fast 1200mV 0C Model Setup 'clock'
Slack : 0.271
TNS   : 0.000

Type  : Fast 1200mV 0C Model Setup 'enter'
Slack : 0.322
TNS   : 0.000

Type  : Fast 1200mV 0C Model Hold 'enter'
Slack : 0.332
TNS   : 0.000

Type  : Fast 1200mV 0C Model Hold 'clock'
Slack : 0.402
TNS   : 0.000

Type  : Fast 1200mV 0C Model Minimum Pulse Width 'enter'
Slack : -3.000
TNS   : -5.120

Type  : Fast 1200mV 0C Model Minimum Pulse Width 'clock'
Slack : -3.000
TNS   : -4.000

------------------------------------------------------------
